[0m21:46:32.500603 [debug] [MainThread]: Sending event: {'category': 'dbt', 'action': 'invocation', 'label': 'start', 'context': [<snowplow_tracker.self_describing_json.SelfDescribingJson object at 0x101886bb0>, <snowplow_tracker.self_describing_json.SelfDescribingJson object at 0x104cea460>, <snowplow_tracker.self_describing_json.SelfDescribingJson object at 0x104d66790>]}


============================== 21:46:32.505194 | a7040d97-65e9-4d02-8984-e26826eaae93 ==============================
[0m21:46:32.505194 [info ] [MainThread]: Running with dbt=1.6.1
[0m21:46:32.505719 [debug] [MainThread]: running dbt with arguments {'indirect_selection': 'eager', 'partial_parse': 'True', 'send_anonymous_usage_stats': 'True', 'log_format': 'default', 'introspect': 'True', 'log_path': 'logs', 'use_colors': 'True', 'log_cache_events': 'False', 'debug': 'False', 'fail_fast': 'False', 'printer_width': '80', 'version_check': 'True', 'write_json': 'True', 'target_path': 'None', 'static_parser': 'True', 'quiet': 'False', 'invocation_command': 'dbt init', 'warn_error_options': 'WarnErrorOptions(include=[], exclude=[])', 'warn_error': 'None', 'no_print': 'None', 'cache_selected_only': 'False', 'use_experimental_parser': 'False', 'profiles_dir': '/Users/jordanpacho/.dbt'}
[0m21:46:32.506184 [warn ] [MainThread]: [ConfigFolderDirectory]: Unable to parse dict {'dir': PosixPath('/Users/jordanpacho/.dbt')}
[0m21:46:32.506444 [info ] [MainThread]: Creating dbt configuration folder at 
[0m21:46:55.899288 [debug] [MainThread]: Starter project path: /Users/jordanpacho/Library/Python/3.9/lib/python/site-packages/dbt/include/starter_project
[0m21:46:55.913407 [info ] [MainThread]: 
Your new dbt project "nyc_parking_violations" was created!

For more information on how to configure the profiles.yml file,
please consult the dbt documentation here:

  https://docs.getdbt.com/docs/configure-your-profile

One more thing:

Need help? Don't hesitate to reach out to us via GitHub issues or on Slack:

  https://community.getdbt.com/

Happy modeling!

[0m21:46:55.914558 [info ] [MainThread]: Setting up your profile.
[0m21:46:55.916031 [error] [MainThread]: Encountered an error:
Runtime Error
  No adapters available. Learn how to install an adapter by going to https://docs.getdbt.com/docs/connect-adapters#install-using-the-cli
[0m21:46:55.916986 [debug] [MainThread]: Command `dbt init` failed at 21:46:55.916822 after 23.44 seconds
[0m21:46:55.917539 [debug] [MainThread]: Sending event: {'category': 'dbt', 'action': 'invocation', 'label': 'end', 'context': [<snowplow_tracker.self_describing_json.SelfDescribingJson object at 0x101886bb0>, <snowplow_tracker.self_describing_json.SelfDescribingJson object at 0x104d89c40>, <snowplow_tracker.self_describing_json.SelfDescribingJson object at 0x104d892e0>]}
[0m21:46:55.918011 [debug] [MainThread]: Flushing usage events
